<html><body><p>Test #1
    Test #2
</p></body></html>
